<html>
<body>
<pre>
<h1>µVision Build Log</h1>
<h2>Tool Versions:</h2>
IDE-Version: ¦ÌVision V5.41.0.0
Copyright (C) 2024 ARM Ltd and ARM Germany GmbH. All rights reserved.
License Information: tony tom, LENOV, LIC=8MZI6-DMN9S-17RRR-KBE3X-I6FJ5-6VQTK
 
Tool Versions:
Toolchain:       MDK-ARM Professional  Version: 5.41.0.0
Toolchain Path:  G:\Keil_v5\ARM\ARMCC\Bin
C Compiler:      Armcc.exe V5.06 update 7 (build 960)
Assembler:       Armasm.exe V5.06 update 7 (build 960)
Linker/Locator:  ArmLink.exe V5.06 update 7 (build 960)
Library Manager: ArmAr.exe V5.06 update 7 (build 960)
Hex Converter:   FromElf.exe V5.06 update 7 (build 960)
CPU DLL:         SARMCM3.DLL V5.41.0.0
Dialog DLL:      DCM.DLL V1.17.5.0
Target DLL:      CMSIS_AGDI.dll V1.33.21.0
Dialog DLL:      TCM.DLL V1.56.4.0
 
<h2>Project:</h2>
G:\document\keysking\BLE\MDK-ARM\BLE.uvprojx
Project File Date:  03/07/2026

<h2>Output:</h2>
*** Using Compiler 'V5.06 update 7 (build 960)', folder: 'G:\Keil_v5\ARM\ARMCC\Bin'
Build target 'BLE'
assembling startup_stm32f103xb.s...
compiling gpio.c...
compiling main.c...
linking...
Program Size: Code=6092 RO-data=312 RW-data=16 ZI-data=1896  
FromELF: creating hex file...
"BLE\BLE.axf" - 0 Error(s), 0 Warning(s).

<h2>Software Packages used:</h2>

Package Vendor: ARM
                https://www.keil.com/pack/ARM.CMSIS.6.1.0.pack
                ARM::CMSIS@6.1.0
                CMSIS (Common Microcontroller Software Interface Standard)
   * Component: CORE Version: 6.1.0

Package Vendor: Keil
                https://www.keil.com/pack/Keil.STM32F1xx_DFP.2.4.1.pack
                Keil::STM32F1xx_DFP@2.4.1
                STMicroelectronics STM32F1 Series Device Support, Drivers and Examples

<h2>Collection of Component include folders:</h2>
  ./RTE/_BLE
  G:/Keil_v5/ARM/CMSIS/6.1.0/CMSIS/Core/Include
  G:/Keil_v5/Keil/STM32F1xx_DFP/2.4.1/Device/Include

<h2>Collection of Component Files used:</h2>

   * Component: ARM::CMSIS:CORE@6.1.0
      Include file:  CMSIS/Core/Include/tz_context.h
Build Time Elapsed:  00:00:01
</pre>
</body>
</html>
